// Jest Snapshot v1, https://goo.gl/fbAQLP

exports[`Pruebas primera app should show PrimeraApp correctly 1`] = `
<Fragment>
  <h1>
     
    Hola, como andas
     
  </h1>
  <p>
    Soy un subtitulo
  </p>
</Fragment>
`;
